// Jest Snapshot v1, https://goo.gl/fbAQLP

exports[`Breadcrumb should render with empty categories 1`] = `
<Breadcrumb
  categories={Array []}
/>
`;

exports[`Breadcrumb should render with props 1`] = `
<Breadcrumb
  categories={
    Array [
      "cat 1",
      "cat 2",
    ]
  }
/>
`;

exports[`Breadcrumb should render without props 1`] = `<Breadcrumb />`;
