// Jest Snapshot v1, https://goo.gl/fbAQLP

exports[`Gallery should render with props 1`] = `
<Breadcrumb
  pictures={
    Array [
      Object {
        "id": "1",
        "url": "www.google.com",
      },
      Object {
        "id": "2",
        "url": "www.google.com",
      },
    ]
  }
/>
`;

exports[`Gallery should render without props 1`] = `<Breadcrumb />`;
