// Jest Snapshot v1, https://goo.gl/fbAQLP

exports[`Gallery should render with props 1`] = `
<Gallery
  pictures={
    Array [
      Object {
        "id": "785544-MLA32445402658_102019",
        "url": "http://mla-s1-p.mlstatic.com/785544-MLA32445402658_102019-O.jpg",
      },
      Object {
        "id": "950814-MLA32445499592_102019",
        "url": "http://mla-s1-p.mlstatic.com/950814-MLA32445499592_102019-O.jpg",
      },
      Object {
        "id": "960453-MLA32445499593_102019",
        "url": "http://mla-s1-p.mlstatic.com/960453-MLA32445499593_102019-O.jpg",
      },
    ]
  }
/>
`;

exports[`Gallery should render without props 1`] = `<Gallery />`;
